../Core/Src/main.c:63:6:Delay_us	16	static
../Core/Src/main.c:68:9:DS18B20_Start	16	static
../Core/Src/main.c:80:6:DS18B20_Write	24	static
../Core/Src/main.c:96:9:DS18B20_Read	16	static
../Core/Src/main.c:116:5:main	120	static
../Core/Src/main.c:225:6:SystemClock_Config	96	static
../Core/Src/main.c:271:13:MX_TIM3_Init	48	static
../Core/Src/main.c:320:13:MX_TIM6_Init	8	static
../Core/Src/main.c:350:13:MX_TIM15_Init	80	static
../Core/Src/main.c:415:13:MX_USART1_UART_Init	8	static
../Core/Src/main.c:450:13:MX_GPIO_Init	48	static
../Core/Src/main.c:487:6:HAL_GPIO_EXTI_Callback	16	static
../Core/Src/main.c:511:6:Error_Handler	8	static,ignoring_inline_asm
